base referer
rect $classCSVReader.html 236,5 420,32
rect $classCSVRecord.html 239,56 417,83
rect $classDisturbanceVector.html 176,107 480,133
rect $classExpandedRouteLandmarkVector.html 115,157 541,184
rect $classExpandedRouteRoadVector.html 143,208 513,235
rect $classExpandStringLanes.html 193,259 463,285
rect $classExpandStringLanesCont.html 176,309 480,336
rect $classExpandStringSignPosts.html 169,360 487,387
rect $classFileLineReader.html 229,411 427,437
rect $classMapPairVector.html 237,461 419,488
rect $classMC2String.html 261,512 395,539
rect $classModuleList.html 228,563 428,589
rect $classNameCollection.html 236,613 420,640
rect $classRROrigDestVector.html 137,664 519,691
rect $classSearchUnitSearchResult.html 191,715 465,741
rect $classServerSubRouteVectorVector.html 145,765 511,792
rect $classSTLUtility_1_1AutoContainer.html 171,816 485,843
rect $classstringVector.html 235,867 421,893
rect $classSubRoute.html 259,917 397,944
rect $classSubRouteVector.html 223,968 433,995
rect $classTileMapCoords.html 219,1019 437,1045
