base referer
rect $classAddUserRequestPacket.html 395,5 560,32
rect $classAddUserTrackRequestPacket.html 379,56 576,83
rect $classAuthUserRequestPacket.html 393,107 561,133
rect $classChangeUserDataRequestPacket.html 371,157 584,184
rect $classChangeUserPasswordRequestPacket.html 355,208 600,235
rect $classCheckUserPasswordRequestPacket.html 360,259 595,285
rect $classCreateSessionRequestPacket.html 379,309 576,336
rect $classDeleteUserRequestPacket.html 388,360 567,387
rect $classFindUserRequestPacket.html 395,411 560,437
rect $classGetStoredUserDataRequestPacket.html 363,461 592,488
rect $classGetUserDataRequestPacket.html 383,512 572,539
rect $classGetUserTrackRequestPacket.html 381,563 573,589
rect $classIDKeyToRequestPacket.html 396,613 559,640
rect $classLicenceToRequestPacket.html 392,664 563,691
rect $classListDebitRequestPacket.html 396,715 559,741
rect $classLogoutUserRequestPacket.html 387,765 568,792
rect $classSessionCleanUpRequestPacket.html 372,816 583,843
rect $classSetStoredUserDataRequestPacket.html 364,867 591,893
rect $classUserFavoritesRequestPacket.html 381,917 573,944
rect $classVerifyUserRequestPacket.html 391,968 564,995
rect $classRequestPacket.html 5,487 117,513
