base referer
rect $classAcknowledgeRequestReplyPacket.html 281,5 508,32
rect $classAddCellularPhoneModelReplyPacket.html 275,56 515,83
rect $classAddDisturbanceReplyPacket.html 299,107 491,133
rect $classAddUserNavDestinationReplyPacket.html 275,157 515,184
rect $classAliveReplyPacket.html 332,208 457,235
rect $classAllCountryReplyPacket.html 315,259 475,285
rect $classBBoxReplyPacket.html 331,309 459,336
rect $classChangeCellularPhoneModelReplyPacket.html 264,360 525,387
rect $classChangeUserNavDestinationReplyPacket.html 264,411 525,437
rect $classCoordinateOnItemReplyPacket.html 293,461 496,488
rect $classCoordinateReplyPacket.html 315,512 475,539
rect $classCopyrightBoxReplyPacket.html 307,563 483,589
rect $classCoveredIDsReplyPacket.html 312,613 477,640
rect $classDebitReplyPacket.html 331,664 459,691
rect $classDeleteMapReplyPacket.html 315,715 475,741
rect $classDeleteUserNavDestinationReplyPacket.html 269,765 520,792
rect $classDisturbanceChangesetReplyPacket.html 279,816 511,843
rect $classDisturbanceInfoReplyPacket.html 300,867 489,893
rect $classDisturbanceReplyPacket.html 311,917 479,944
rect $classDisturbanceSubscriptionReplyPacket.html 275,968 515,995
rect $classEdgeNodesReplyPacket.html 312,1019 477,1045
rect $classExpandItemReplyPacket.html 311,1069 479,1096
rect $classExpandReplyPacket.html 324,1120 465,1147
rect $classExpandRouteReplyPacket.html 307,1171 483,1197
rect $classExternalSearchReplyPacket.html 301,1221 488,1248
rect $classExtServiceReplyPacket.html 315,1272 475,1299
rect $classFetchAllDisturbancesReplyPacket.html 284,1323 505,1349
rect $classGetCellularPhoneModelDataReplyPacket.html 263,1373 527,1400
rect $classGetTMCCoordinateReplyPacket.html 289,1424 500,1451
rect $classGetUserNavDestinationReplyPacket.html 277,1475 512,1501
rect $classGfxFeatureMapImageReplyPacket.html 283,1525 507,1552
rect $classGfxFeatureMapReplyPacket.html 301,1576 488,1603
rect $classIDTranslationReplyPacket.html 308,1627 481,1653
rect $classInfoCoordinateReplyPacket.html 303,1677 487,1704
rect $classItemInfoReplyPacket.html 323,1728 467,1755
rect $classItemNamesReplyPacket.html 313,1779 476,1805
rect $classLeaderIPReplyPacket.html 320,1829 469,1856
rect $classLoadMapReplyPacket.html 319,1880 471,1907
rect $classMapReplyPacket.html 333,1931 456,1957
rect $classMapUpdateReplyPacket.html 312,1981 477,2008
rect $classMatchInfoReplyPacket.html 317,2032 472,2059
rect $classProximityReplyPacket.html 320,2083 469,2109
rect $classQueueStartReplyPacket.html 312,2133 477,2160
rect $classRemoveDisturbanceReplyPacket.html 287,2184 503,2211
rect $classRMSubRouteReplyPacket.html 307,2235 483,2261
rect $classRouteExpandItemReplyPacket.html 293,2285 496,2312
rect $classRouteReplyPacket.html 329,2336 460,2363
rect $classRouteStorageAddRouteReplyPacket.html 276,2387 513,2413
rect $classRouteStorageChangeRouteReplyPacket.html 265,2437 524,2464
rect $classRouteStorageGetRouteReplyPacket.html 277,2488 512,2515
rect $classRouteTrafficCostReplyPacket.html 297,2539 492,2565
rect $classRoutingInfoReplyPacket.html 313,2589 476,2616
rect $classSearchExpandItemReplyPacket.html 291,2640 499,2667
rect $classSearchReplyPacket.html 325,2691 464,2717
rect $classSendDataReplyPacket.html 317,2741 472,2768
rect $classSendEmailReplyPacket.html 315,2792 475,2819
rect $classSmallestRoutingCostReplyPacket.html 284,2843 505,2869
rect $classSMSListenReplyPacket.html 315,2893 475,2920
rect $classSMSSendReplyPacket.html 317,2944 472,2971
rect $classSortDistanceReplyPacket.html 308,2995 481,3021
rect $classStreetSegmentItemReplyPacket.html 289,3045 500,3072
rect $classSubRouteReplyPacket.html 317,3096 472,3123
rect $classTestReplyPacket.html 335,3147 455,3173
rect $classTileMapPOIReplyPacket.html 312,3197 477,3224
rect $classTileMapReplyPacket.html 323,3248 467,3275
rect $classTopRegionReplyPacket.html 315,3299 475,3325
rect $classTrafficPointReplyPacket.html 313,3349 476,3376
rect $classTransactionDaysReplyPacket.html 297,3400 492,3427
rect $classTransactionReplyPacket.html 313,3451 476,3477
rect $classUpdateDisturbanceReplyPacket.html 289,3501 500,3528
rect $classUpdateTrafficCostReplyPacket.html 293,3552 496,3579
rect $classUserReplyPacket.html 333,3603 456,3629
rect $classWFActivationReplyPacket.html 308,3653 481,3680
rect $classPacket.html 7,1829 68,1856
