base referer
rect $classAddCellularPhoneModelRequestPacket.html 291,5 547,32
rect $classAddDisturbanceRequestPacket.html 315,56 523,83
rect $classAddUserNavDestinationRequestPacket.html 292,107 545,133
rect $classAliveRequestPacket.html 348,157 489,184
rect $classAllCountryRequestPacket.html 332,208 505,235
rect $classBBoxRequestPacket.html 347,259 491,285
rect $classChangeCellularPhoneModelRequestPacket.html 280,309 557,336
rect $classChangeUserNavDestinationRequestPacket.html 281,360 556,387
rect $classCoordinateOnItemRequestPacket.html 309,411 528,437
rect $classCoordinateRequestPacket.html 331,461 507,488
rect $classCopyrightBoxRequestPacket.html 323,512 515,539
rect $classCoveredIDsRequestPacket.html 328,563 509,589
rect $classDebitRequestPacket.html 348,613 489,640
rect $classDeleteMapRequestPacket.html 331,664 507,691
rect $classDeleteUserNavDestinationRequestPacket.html 285,715 552,741
rect $classDisturbanceChangesetRequestPacket.html 295,765 543,792
rect $classDisturbanceInfoRequestPacket.html 316,816 521,843
rect $classDisturbanceRequestPacket.html 328,867 509,893
rect $classDisturbanceSubscriptionRequestPacket.html 291,917 547,944
rect $classEdgeNodesRequestPacket.html 328,968 509,995
rect $classExpandItemRequestPacket.html 328,1019 509,1045
rect $classExpandRequestPacket.html 340,1069 497,1096
rect $classExpandRouteRequestPacket.html 323,1120 515,1147
rect $classExternalItemInfoRequestPacket.html 315,1171 523,1197
rect $classExternalSearchRequestPacket.html 317,1221 520,1248
rect $classExtServiceRequestPacket.html 331,1272 507,1299
rect $classFetchAllDisturbancesRequestPacket.html 300,1323 537,1349
rect $classGetCellularPhoneModelDataRequestPacket.html 279,1373 559,1400
rect $classGetItemInfoRequestPacket.html 328,1424 509,1451
rect $classGetTMCCoordinateRequestPacket.html 305,1475 532,1501
rect $classGetUserNavDestinationRequestPacket.html 293,1525 544,1552
rect $classGfxFeatureMapImageRequestPacket.html 299,1576 539,1603
rect $classGfxFeatureMapRequestPacket.html 317,1627 520,1653
rect $classIDTranslationRequestPacket.html 324,1677 513,1704
rect $classInfoCoordinateRequestPacket.html 320,1728 517,1755
rect $classItemInfoRequestPacket.html 339,1779 499,1805
rect $classItemNamesRequestPacket.html 329,1829 508,1856
rect $classLeaderIPRequestPacket.html 336,1880 501,1907
rect $classLoadMapRequestPacket.html 335,1931 503,1957
rect $classMapRequestPacket.html 349,1981 488,2008
rect $classMapUpdateRequestPacket.html 329,2032 508,2059
rect $classMatchInfoRequestPacket.html 333,2083 504,2109
rect $classOldSearchRequestPacket.html 332,2133 505,2160
rect $classOverviewSearchRequestPacket.html 315,2184 523,2211
rect $classPeriodicRequestPacket.html 339,2235 499,2261
rect $classProximityItemSetRequestPacket.html 312,2285 525,2312
rect $classProximityPositionRequestPacket.html 312,2336 525,2363
rect $classPushPacket.html 372,2387 465,2413
rect $classQueueStartRequestPacket.html 329,2437 508,2464
rect $classRemoveDisturbanceRequestPacket.html 303,2488 535,2515
rect $classRMSubRouteRequestPacket.html 323,2539 515,2565
rect $classRouteExpandItemRequestPacket.html 309,2589 528,2616
rect $classRouteStorageAddRouteRequestPacket.html 292,2640 545,2667
rect $classRouteStorageChangeRouteRequestPacket.html 281,2691 556,2717
rect $classRouteStorageGetRouteRequestPacket.html 293,2741 544,2768
rect $classRouteTrafficCostRequestPacket.html 313,2792 524,2819
rect $classRoutingInfoRequestPacket.html 329,2843 508,2869
rect $classSearchExpandItemRequestPacket.html 307,2893 531,2920
rect $classSearchRequestPacket.html 341,2944 496,2971
rect $classSearchSelectionReportPacket.html 319,2995 519,3021
rect $classSendDataRequestPacket.html 333,3045 504,3072
rect $classSendEmailRequestPacket.html 331,3096 507,3123
rect $classSmallestRoutingCostRequestPacket.html 301,3147 536,3173
rect $classSMSListenRequestPacket.html 331,3197 507,3224
rect $classSMSSendRequestPacket.html 333,3248 504,3275
rect $classSortDistanceRequestPacket.html 324,3299 513,3325
rect $classStreetSegmentItemRequestPacket.html 305,3349 532,3376
rect $classSubRouteRequestPacket.html 333,3400 504,3427
rect $classTestRequestPacket.html 351,3451 487,3477
rect $classTileMapPOIRequestPacket.html 328,3501 509,3528
rect $classTileMapRequestPacket.html 340,3552 497,3579
rect $classTopRegionRequestPacket.html 331,3603 507,3629
rect $classTrafficPointRequestPacket.html 329,3653 508,3680
rect $classTransactionDaysRequestPacket.html 313,3704 524,3731
rect $classTransactionRequestPacket.html 329,3755 508,3781
rect $classUpdateDisturbanceRequestPacket.html 307,3805 531,3832
rect $classUpdateTrafficCostRequestPacket.html 309,3856 528,3883
rect $classUserRequestPacket.html 349,3907 488,3933
rect $classWFActivationRequestPacket.html 324,3957 513,3984
rect $classPacket.html 7,1981 68,2008
