base referer
rect $classCIMDDeliveryThread.html 240,5 387,32
rect $classCIMDSMSTalker.html 253,56 373,83
rect $classDummySMSTalker.html 248,107 379,133
rect $classGM12SMSTalker.html 253,157 373,184
rect $classHttpInterfaceFactory_1_1HttpInterfaceFactoryThread.html 156,208 471,235
rect $classJobThread.html 271,259 356,285
rect $classMapGenerator.html 260,309 367,336
rect $classModule.html 281,360 345,387
rect $classMTReceiver.html 267,411 360,437
rect $classPacketResendHandler_1_1ReceiveThread.html 188,461 439,488
rect $classPacketResendHandler_1_1TimeoutThread.html 188,512 439,539
rect $classParserThread.html 263,563 364,589
rect $classPushServiceHandler_1_1PushServiceThread.html 180,613 447,640
rect $classReader.html 281,664 345,691
rect $classRequestHandler_1_1RequestThread.html 205,715 421,741
rect $classSelectableInterfaceIO_1_1SelectableInterfaceIOThread.html 149,765 477,792
rect $classServer_1_1GetThread.html 248,816 379,843
rect $classServer_1_1PutThread.html 248,867 379,893
rect $classSMSForwardThread.html 243,917 384,944
rect $classTcpInterfaceFactory_1_1TcpInterfaceFactoryThread.html 160,968 467,995
rect $classThreadRequestHandler_1_1PushReceiveThread.html 169,1019 457,1045
rect $classThreadRequestHandler_1_1RequestThread.html 184,1069 443,1096
rect $classTrafficThread.html 264,1120 363,1147
