base referer
rect $classAddUserReplyPacket.html 363,5 512,32
rect $classAddUserTrackReplyPacket.html 347,56 528,83
rect $classAuthUserReplyPacket.html 361,107 513,133
rect $classChangeUserDataReplyPacket.html 339,157 536,184
rect $classChangeUserPasswordReplyPacket.html 323,208 552,235
rect $classCheckUserPasswordReplyPacket.html 328,259 547,285
rect $classCreateSessionReplyPacket.html 345,309 529,336
rect $classDeleteUserReplyPacket.html 356,360 519,387
rect $classFindUserReplyPacket.html 363,411 512,437
rect $classGetStoredUserDataReplyPacket.html 331,461 544,488
rect $classGetUserDataReplyPacket.html 351,512 524,539
rect $classGetUserTrackReplyPacket.html 348,563 527,589
rect $classIDKeyToReplyPacket.html 364,613 511,640
rect $classLicenceToReplyPacket.html 360,664 515,691
rect $classListDebitReplyPacket.html 364,715 511,741
rect $classLogoutUserReplyPacket.html 355,765 520,792
rect $classSessionCleanUpReplyPacket.html 340,816 535,843
rect $classSetStoredUserDataReplyPacket.html 332,867 543,893
rect $classUserFavoritesReplyPacket.html 348,917 527,944
rect $classVerifyUserReplyPacket.html 359,968 516,995
rect $classReplyPacket.html 5,487 101,513
