base referer
rect $classvector.html 7,487 65,513
rect $classCSVReader.html 177,5 268,32
rect $classCSVRecord.html 177,56 268,83
rect $classDisturbanceVector.html 157,107 288,133
rect $classExpandedRouteLandmarkVector.html 116,157 329,184
rect $classExpandedRouteRoadVector.html 129,208 316,235
rect $classExpandStringLanes.html 153,259 292,285
rect $classExpandStringLanesCont.html 140,309 305,336
rect $classExpandStringSignPosts.html 141,360 304,387
rect $classFileLineReader.html 167,411 279,437
rect $classMapPairVector.html 168,461 277,488
rect $classMC2String.html 180,512 265,539
rect $classModuleList.html 180,563 265,589
rect $classNameCollection.html 165,613 280,640
rect $classRROrigDestVector.html 157,664 288,691
rect $classSearchUnitSearchResult.html 139,715 307,741
rect $classServerSubRouteVectorVector.html 125,765 320,792
rect $classstringVector.html 176,816 269,843
rect $classSubRoute.html 183,867 263,893
rect $classSubRouteVector.html 164,917 281,944
rect $classTileMapCoords.html 167,968 279,995
rect $classSMSModuleList.html 401,563 516,589
rect $classServerSubRouteVector.html 380,917 537,944
