base referer
rect $classNavHandler.html 7,537 97,564
rect $classNavAuthHandler.html 215,5 335,32
rect $classNavCellHandler.html 217,56 332,83
rect $classNavCellIDHandler.html 211,107 339,133
rect $classNavCombinedSearchHandler.html 177,157 372,184
rect $classNavExternalAuth.html 215,208 335,235
rect $classNavFavHandler.html 219,259 331,285
rect $classNavInfoHandler.html 217,309 332,336
rect $classNavKeyedDataHandler.html 196,360 353,387
rect $classNavLocalCategoryTreeHandler.html 173,411 376,437
rect $classNavMapHandler.html 216,461 333,488
rect $classNavMapHelp.html 225,512 324,539
rect $classNavMessHandler.html 213,563 336,589
rect $classNavMessHelp.html 223,613 327,640
rect $classNavOneSearchHandler.html 196,664 353,691
rect $classNavRevGeocodingHandler.html 185,715 364,741
rect $classNavRouteHandler.html 212,765 337,792
rect $classNavSearchHandler.html 208,816 341,843
rect $classNavServerInfoHandler.html 199,867 351,893
rect $classNavTrackHandler.html 213,917 336,944
rect $classNavTunnelHandler.html 209,968 340,995
rect $classNavUserHelp.html 224,1019 325,1045
rect $classNavVerifyThirdPartyTransactionHandler.html 148,1069 401,1096
