base referer
rect $classPath_1_1NodeEvaluator.html 5,335 181,361
rect $classDatexIIStructs_1_1AlertCMethod2Expression.html 243,183 512,209
rect $classDatexIIStructs_1_1SituationRecordExpression.html 240,233 515,260
rect $classMC2JSON_1_1JPath_1_1Assigner.html 268,284 487,311
rect $classProxyAssigner.html 324,335 431,361
rect $classXMLTool_1_1XPath_1_1MatchHandler.html 229,385 525,412
rect $classXMLTool_1_1XPath_1_1SubAssigner.html 261,436 493,463
rect $classXMLTool_1_1XPath_1_1VectorAssigner.html 255,487 500,513
rect $classDatexIIStructs_1_1AbnormalTrafficExpression.html 635,5 907,32
rect $classDatexIIStructs_1_1AccidentExpression.html 656,56 885,83
rect $classDatexIIStructs_1_1ActivitiesExpression.html 655,107 887,133
rect $classDatexIIStructs_1_1AnimalPresenceObstructionExpression.html 599,157 943,184
rect $classDatexIIStructs_1_1ConstructionWorksExpression.html 625,208 916,235
rect $classDatexIIStructs_1_1GeneralObstructionExpression.html 624,259 917,285
rect $classDatexIIStructs_1_1MaintenanceWorksExpression.html 624,309 917,336
rect $classDatexIIStructs_1_1NetworkManagementExpression.html 617,360 924,387
rect $classDatexIIStructs_1_1NonWeatherRelatedRoadConditionsExpression.html 575,411 967,437
rect $classDatexIIStructs_1_1VehicleObstructionExpression.html 625,461 916,488
